=== TEST 1: WP REST API Root ===
node : (node:5296) Warning: Setting the 
NODE_TLS_REJECT_UNAUTHORIZED environment variable to 
'0' makes TLS connections and HTTPS requests insecure 
by disabling certificate verification.
At line:1 char:1
+ node test-categories.mjs > test-output.txt 2>&1
+ ~~~~~~~~~~~~~~~~~~~~~~~~~~~~~~~~~~~~~~~~~~~~~~~
    + CategoryInfo          : NotSpecified: ((node:529 
   6) War...e verification.:String) [], RemoteExcepti  
  on
    + FullyQualifiedErrorId : NativeCommandError
 
(Use `node --trace-warnings ...` to show where the 
warning was created)
Root Status: 200
Root Content-Type: text/html; charset=UTF-8
Is JSON? false
Response starts with: <html>
<head ><style>*{margin: 0; padding: 0;}</style><meta  name="viewport" content="width=device-width, initial-scale=1, maximum-scale=1" content=""></head>
<body ><img src="https://l.cdn-fileserver

>>> The WordPress REST API is returning HTML instead of JSON.
>>> This likely means the WP REST API is disabled, or the domain has a redirect/parking page.


=== TEST 2: WC Categories Endpoint ===
Status: 200
Content-Type: text/html; charset=UTF-8
Is JSON? false
Response (first 300 chars): <html>
<head ><style>*{margin: 0; padding: 0;}</style><meta  name="viewport" content="width=device-width, initial-scale=1, maximum-scale=1" content=""></head>
<body ><img src="https://l.cdn-fileserver.com/bping.php?vgd_l2type=dmola&vgd_setup=c21&prid=8PR11258V&vi=1775576494468195851&ugd=4&sc=NO+REGI

>>> FAIL: Categories endpoint is NOT returning JSON.
>>> The WooCommerce REST API is not accessible on this domain.
